\BOOKMARK [1][-]{section.1}{\376\377\000G\000i\036\333\000i\000\040\000t\000h\000i\036\307\000u}{}% 1
\BOOKMARK [2][-]{subsection.1.1}{\376\377\001\020\036\267\000t\000\040\000v\036\245\000n\000\040\001\021\036\301}{section.1}% 2
\BOOKMARK [2][-]{subsection.1.2}{\376\377\000M\036\345\000c\000\040\000t\000i\000\352\000u\000\040\001\021\036\301\000\040\000t\000\340\000i}{section.1}% 3
\BOOKMARK [2][-]{subsection.1.3}{\376\377\000P\000h\036\241\000m\000\040\000v\000i\000\040\001\021\036\301\000\040\000t\000\340\000i}{section.1}% 4
\BOOKMARK [2][-]{subsection.1.4}{\376\377\000C\036\245\000u\000\040\000t\000r\000\372\000c\000\040\000b\000\340\000i\000\040\000b\000\341\000o\000\040\000c\000\341\000o}{section.1}% 5
\BOOKMARK [1][-]{section.2}{\376\377\000C\001\241\000\040\000s\036\337\000\040\000l\000\375\000\040\000t\000h\000u\000y\036\277\000t}{}% 6
\BOOKMARK [2][-]{subsection.2.1}{\376\377\000O\000b\000j\000e\000c\000t\000\040\000d\000e\000t\000e\000c\000t\000i\000o\000n\000\040\000v\000\340\000\040\000o\000n\000e\000-\000s\000t\000a\000g\000e\000\040\000d\000e\000t\000e\000c\000t\000o\000r}{section.2}% 7
\BOOKMARK [3][-]{subsubsection.2.1.1}{\376\377\000T\036\325\000n\000g\000\040\000q\000u\000a\000n\000\040\000o\000b\000j\000e\000c\000t\000\040\000d\000e\000t\000e\000c\000t\000i\000o\000n}{subsection.2.1}% 8
\BOOKMARK [3][-]{subsubsection.2.1.2}{\376\377\000T\000w\000o\000-\000s\000t\000a\000g\000e\000\040\000d\000e\000t\000e\000c\000t\000o\000r\000\040\000v\000\340\000\040\000o\000n\000e\000-\000s\000t\000a\000g\000e\000\040\000d\000e\000t\000e\000c\000t\000o\000r}{subsection.2.1}% 9
\BOOKMARK [3][-]{subsubsection.2.1.3}{\376\377\000A\000n\000c\000h\000o\000r\000-\000b\000a\000s\000e\000d\000\040\000v\000\340\000\040\000a\000n\000c\000h\000o\000r\000-\000f\000r\000e\000e\000\040\000d\000e\000t\000e\000c\000t\000o\000r}{subsection.2.1}% 10
\BOOKMARK [2][-]{subsection.2.2}{\376\377\000T\036\325\000n\000g\000\040\000q\000u\000a\000n\000\040\000h\036\315\000\040\000m\000\364\000\040\000h\000\354\000n\000h\000\040\000Y\000O\000L\000O}{section.2}% 11
\BOOKMARK [2][-]{subsection.2.3}{\376\377\000K\000i\036\277\000n\000\040\000t\000r\000\372\000c\000\040\000Y\000O\000L\000O\0001\0001\000-\000P\000o\000s\000e}{section.2}% 12
\BOOKMARK [3][-]{subsubsection.2.3.1}{\376\377\000B\000a\000c\000k\000b\000o\000n\000e\000\040\000-\000\040\000t\000r\000\355\000c\000h\000\040\000x\000u\036\245\000t\000\040\001\021\036\267\000c\000\040\000t\000r\001\260\000n\000g}{subsection.2.3}% 13
\BOOKMARK [3][-]{subsubsection.2.3.2}{\376\377\000N\000e\000c\000k\000\040\000-\000\040\000t\036\325\000n\000g\000\040\000h\036\343\000p\000\040\001\021\036\267\000c\000\040\000t\000r\001\260\000n\000g\000\040\001\021\000a\000\040\000t\036\367\000\040\000l\036\307}{subsection.2.3}% 14
\BOOKMARK [3][-]{subsubsection.2.3.3}{\376\377\000D\000e\000t\000e\000c\000t\000i\000o\000n\000\040\000h\000e\000a\000d\000\040\000v\000\340\000\040\000k\000e\000y\000p\000o\000i\000n\000t\000\040\000h\000e\000a\000d}{subsection.2.3}% 15
\BOOKMARK [2][-]{subsection.2.4}{\376\377\000H\000u\000m\000a\000n\000\040\000p\000o\000s\000e\000\040\000e\000s\000t\000i\000m\000a\000t\000i\000o\000n\000\040\000v\000\340\000\040\000k\000e\000y\000p\000o\000i\000n\000t\000\040\000d\000e\000t\000e\000c\000t\000i\000o\000n}{section.2}% 16
\BOOKMARK [3][-]{subsubsection.2.4.1}{\376\377\000T\036\325\000n\000g\000\040\000q\000u\000a\000n\000\040\000h\000u\000m\000a\000n\000\040\000p\000o\000s\000e\000\040\000e\000s\000t\000i\000m\000a\000t\000i\000o\000n\000\040\000\050\000H\000P\000E\000\051}{subsection.2.4}% 17
\BOOKMARK [3][-]{subsubsection.2.4.2}{\376\377\000C\000h\000u\036\251\000n\000\040\000C\000O\000C\000O\000\040\0001\0007\000\040\000k\000e\000y\000p\000o\000i\000n\000t\000s\000\040\000v\000\340\000\040\000b\000i\036\277\000n\000\040\000t\000h\036\303\000\040\0001\0008\000\040\000k\000e\000y\000p\000o\000i\000n\000t\000s}{subsection.2.4}% 18
\BOOKMARK [3][-]{subsubsection.2.4.3}{\376\377\000V\000i\000s\000i\000b\000i\000l\000i\000t\000y\000\040\000f\000l\000a\000g}{subsection.2.4}% 19
\BOOKMARK [2][-]{subsection.2.5}{\376\377\000B\000\340\000i\000\040\000t\000o\000\341\000n\000\040\000p\000h\000\341\000t\000\040\000h\000i\036\307\000n\000\040\000t\000\351\000\040\000n\000g\000\343\000\040\000d\036\361\000a\000\040\000t\000r\000\352\000n\000\040\000t\001\260\000\040\000t\000h\036\277\000\040\000n\000g\001\260\036\335\000i}{section.2}% 20
\BOOKMARK [2][-]{subsection.2.6}{\376\377\000C\000\341\000c\000\040\000h\000\340\000m\000\040\000l\000o\000s\000s\000\040\000t\000r\000o\000n\000g\000\040\000Y\000O\000L\000O\0001\0001\000-\000P\000o\000s\000e}{section.2}% 21
\BOOKMARK [3][-]{subsubsection.2.6.1}{\376\377\000B\000o\000u\000n\000d\000i\000n\000g\000\040\000b\000o\000x\000\040\000l\000o\000s\000s}{subsection.2.6}% 22
\BOOKMARK [3][-]{subsubsection.2.6.2}{\376\377\000C\000l\000a\000s\000s\000i\000f\000i\000c\000a\000t\000i\000o\000n\000\040\000l\000o\000s\000s}{subsection.2.6}% 23
\BOOKMARK [3][-]{subsubsection.2.6.3}{\376\377\000K\000e\000y\000p\000o\000i\000n\000t\000\040\000l\000o\000s\000s\000\040\000v\000\340\000\040\000O\000K\000S}{subsection.2.6}% 24
\BOOKMARK [2][-]{subsection.2.7}{\376\377\000T\000r\000a\000n\000s\000f\000e\000r\000\040\000l\000e\000a\000r\000n\000i\000n\000g\000\040\000v\000\340\000\040\000f\000i\000n\000e\000-\000t\000u\000n\000i\000n\000g}{section.2}% 25
\BOOKMARK [3][-]{subsubsection.2.7.1}{\376\377\000T\000r\000a\000n\000s\000f\000e\000r\000\040\000l\000e\000a\000r\000n\000i\000n\000g}{subsection.2.7}% 26
\BOOKMARK [3][-]{subsubsection.2.7.2}{\376\377\000F\000e\000a\000t\000u\000r\000e\000\040\000e\000x\000t\000r\000a\000c\000t\000i\000o\000n\000\040\000v\000s\000\040\000f\000i\000n\000e\000-\000t\000u\000n\000i\000n\000g}{subsection.2.7}% 27
\BOOKMARK [3][-]{subsubsection.2.7.3}{\376\377\000P\000r\000e\000t\000r\000a\000i\000n\000e\000d\000\040\000y\000o\000l\000o\0001\0001\000s\000-\000p\000o\000s\000e\000.\000p\000t}{subsection.2.7}% 28
\BOOKMARK [3][-]{subsubsection.2.7.4}{\376\377\000T\000r\000\341\000n\000h\000\040\000c\000a\000t\000a\000s\000t\000r\000o\000p\000h\000i\000c\000\040\000f\000o\000r\000g\000e\000t\000t\000i\000n\000g}{subsection.2.7}% 29
\BOOKMARK [2][-]{subsection.2.8}{\376\377\000K\036\371\000\040\000t\000h\000u\036\255\000t\000\040\000t\036\321\000i\000\040\001\260\000u\000\040\000h\000\363\000a}{section.2}% 30
\BOOKMARK [3][-]{subsubsection.2.8.1}{\376\377\000O\000p\000t\000i\000m\000i\000z\000e\000r}{subsection.2.8}% 31
\BOOKMARK [3][-]{subsubsection.2.8.2}{\376\377\000L\000e\000a\000r\000n\000i\000n\000g\000\040\000r\000a\000t\000e\000\040\000s\000c\000h\000e\000d\000u\000l\000i\000n\000g}{subsection.2.8}% 32
\BOOKMARK [3][-]{subsubsection.2.8.3}{\376\377\000R\000e\000g\000u\000l\000a\000r\000i\000z\000a\000t\000i\000o\000n\000\040\000v\000\340\000\040\000e\000a\000r\000l\000y\000\040\000s\000t\000o\000p\000p\000i\000n\000g}{subsection.2.8}% 33
\BOOKMARK [2][-]{subsection.2.9}{\376\377\000C\000\341\000c\000\040\001\021\036\331\000\040\001\021\000o\000\040\001\021\000\341\000n\000h\000\040\000g\000i\000\341\000\040\000m\000\364\000\040\000h\000\354\000n\000h}{section.2}% 34
\BOOKMARK [3][-]{subsubsection.2.9.1}{\376\377\000P\000r\000e\000c\000i\000s\000i\000o\000n\000,\000\040\000r\000e\000c\000a\000l\000l\000,\000\040\000F\0001\000-\000s\000c\000o\000r\000e}{subsection.2.9}% 35
\BOOKMARK [3][-]{subsubsection.2.9.2}{\376\377\000M\000e\000a\000n\000\040\000a\000v\000e\000r\000a\000g\000e\000\040\000p\000r\000e\000c\000i\000s\000i\000o\000n\000\040\000\050\000m\000A\000P\000\051}{subsection.2.9}% 36
\BOOKMARK [3][-]{subsubsection.2.9.3}{\376\377\000O\000b\000j\000e\000c\000t\000\040\000k\000e\000y\000p\000o\000i\000n\000t\000\040\000s\000i\000m\000i\000l\000a\000r\000i\000t\000y\000\040\000\050\000O\000K\000S\000\051}{subsection.2.9}% 37
\BOOKMARK [1][-]{section.3}{\376\377\000D\000a\000t\000a\000s\000e\000t}{}% 38
\BOOKMARK [2][-]{subsection.3.1}{\376\377\000M\000\364\000\040\000t\036\243\000\040\000d\000a\000t\000a\000s\000e\000t}{section.3}% 39
\BOOKMARK [2][-]{subsection.3.2}{\376\377\000Q\000u\000y\000\040\000t\000r\000\354\000n\000h\000\040\000x\036\355\000\040\000l\000\375\000\040\000d\000a\000t\000a\000s\000e\000t\000\040\000g\036\321\000c}{section.3}% 40
\BOOKMARK [2][-]{subsection.3.3}{\376\377\000C\036\245\000u\000\040\000t\000r\000\372\000c\000\040\000t\000h\001\260\000\040\000m\036\345\000c\000\040\000v\000\340\000\040\000f\000i\000l\000e\000\040\000c\036\245\000u\000\040\000h\000\354\000n\000h}{section.3}% 41
\BOOKMARK [2][-]{subsection.3.4}{\376\377\001\020\036\313\000n\000h\000\040\000d\036\241\000n\000g\000\040\000a\000n\000n\000o\000t\000a\000t\000i\000o\000n\000\040\000-\000\040\000Y\000O\000L\000O\000\040\000k\000e\000y\000p\000o\000i\000n\000t}{section.3}% 42
\BOOKMARK [2][-]{subsection.3.5}{\376\377\000P\000h\000\342\000n\000\040\000t\000\355\000c\000h\000\040\000v\000\340\000\040\000t\000h\036\321\000n\000g\000\040\000k\000\352\000\040\000d\000a\000t\000a\000s\000e\000t}{section.3}% 43
\BOOKMARK [2][-]{subsection.3.6}{\376\377\000T\000i\036\301\000n\000\040\000x\036\355\000\040\000l\000\375\000\040\000v\000\340\000\040\000d\000a\000t\000a\000\040\000a\000u\000g\000m\000e\000n\000t\000a\000t\000i\000o\000n}{section.3}% 44
\BOOKMARK [3][-]{subsubsection.3.6.1}{\376\377\000T\000i\036\301\000n\000\040\000x\036\355\000\040\000l\000\375}{subsection.3.6}% 45
\BOOKMARK [3][-]{subsubsection.3.6.2}{\376\377\000D\000a\000t\000a\000\040\000a\000u\000g\000m\000e\000n\000t\000a\000t\000i\000o\000n\000\040\000c\000h\000o\000\040\000k\000e\000y\000p\000o\000i\000n\000t\000\040\000d\000a\000t\000a}{subsection.3.6}% 46
\BOOKMARK [1][-]{section.4}{\376\377\000P\000i\000p\000e\000l\000i\000n\000e\000\040\000f\000i\000n\000e\000-\000t\000u\000n\000e}{}% 47
\BOOKMARK [2][-]{subsection.4.1}{\376\377\000T\036\325\000n\000g\000\040\000q\000u\000a\000n\000\040\000p\000i\000p\000e\000l\000i\000n\000e}{section.4}% 48
\BOOKMARK [2][-]{subsection.4.2}{\376\377\000C\036\245\000u\000\040\000h\000\354\000n\000h\000\040\000t\000h\036\361\000c\000\040\000n\000g\000h\000i\036\307\000m}{section.4}% 49
\BOOKMARK [3][-]{subsubsection.4.2.1}{\376\377\000M\000\364\000i\000\040\000t\000r\001\260\036\335\000n\000g}{subsection.4.2}% 50
\BOOKMARK [3][-]{subsubsection.4.2.2}{\376\377\000H\000y\000p\000e\000r\000p\000a\000r\000a\000m\000e\000t\000e\000r\000s}{subsection.4.2}% 51
\BOOKMARK [3][-]{subsubsection.4.2.3}{\376\377\000C\000o\000d\000e\000\040\000f\000i\000n\000e\000-\000t\000u\000n\000e}{subsection.4.2}% 52
\BOOKMARK [2][-]{subsection.4.3}{\376\377\000C\000h\000i\036\277\000n\000\040\000l\001\260\036\343\000c\000\040\000f\000i\000n\000e\000-\000t\000u\000n\000e}{section.4}% 53
\BOOKMARK [3][-]{subsubsection.4.3.1}{\376\377\000F\000i\000n\000e\000-\000t\000u\000n\000e\000\040\000t\000o\000\340\000n\000\040\000b\036\331\000\040\000m\000\364\000\040\000h\000\354\000n\000h}{subsection.4.3}% 54
\BOOKMARK [3][-]{subsubsection.4.3.2}{\376\377\000G\000i\000\341\000m\000\040\000s\000\341\000t\000\040\000t\000r\036\315\000n\000g\000\040\000s\036\321\000\040\000v\000\340\000\040\000d\036\353\000n\000g\000\040\000s\036\333\000m}{subsection.4.3}% 55
\BOOKMARK [2][-]{subsection.4.4}{\376\377\000C\000h\000i\000\040\000t\000i\036\277\000t\000\040\000t\000i\036\277\000n\000\040\000t\000r\000\354\000n\000h\000\040\000v\000\340\000\040\000q\000u\000\341\000\040\000t\000r\000\354\000n\000h\000\040\000h\000u\036\245\000n\000\040\000l\000u\000y\036\307\000n}{section.4}% 56
\BOOKMARK [1][-]{section.5}{\376\377\000T\000h\036\361\000c\000\040\000n\000g\000h\000i\036\307\000m\000\040\000v\000\340\000\040\000k\036\277\000t\000\040\000q\000u\036\243}{}% 57
\BOOKMARK [2][-]{subsection.5.1}{\376\377\000K\036\277\000t\000\040\000q\000u\036\243\000\040\000h\000u\036\245\000n\000\040\000l\000u\000y\036\307\000n\000\040\000v\000\340\000\040\000s\036\361\000\040\000h\036\331\000i\000\040\000t\036\345}{section.5}% 58
\BOOKMARK [3][-]{subsubsection.5.1.1}{\376\377\000P\000h\000\342\000n\000\040\000t\000\355\000c\000h\000\040\001\021\036\323\000\040\000t\000h\036\313\000\040\000l\000o\000s\000s}{subsection.5.1}% 59
\BOOKMARK [3][-]{subsubsection.5.1.2}{\376\377\000P\000h\000\342\000n\000\040\000t\000\355\000c\000h\000\040\000m\000e\000t\000r\000i\000c\000\040\000t\000r\000\352\000n\000\040\000t\036\255\000p\000\040\000v\000a\000l\000i\000d\000a\000t\000i\000o\000n}{subsection.5.1}% 60
\BOOKMARK [2][-]{subsection.5.2}{\376\377\000K\036\277\000t\000\040\000q\000u\036\243\000\040\001\021\000\341\000n\000h\000\040\000g\000i\000\341\000\040\001\021\036\313\000n\000h\000\040\000l\001\260\036\343\000n\000g\000\040\000t\000r\000\352\000n\000\040\000t\036\255\000p\000\040\000k\000i\036\303\000m\000\040\000t\000h\036\355\000\040\001\021\036\331\000c\000\040\000l\036\255\000p}{section.5}% 61
\BOOKMARK [3][-]{subsubsection.5.2.1}{\376\377\000P\000h\000\342\000n\000\040\000t\000\355\000c\000h\000\040\001\021\001\260\036\335\000n\000g\000\040\000c\000o\000n\000g\000\040\000p\000r\000e\000c\000i\000s\000i\000o\000n\000-\000r\000e\000c\000a\000l\000l}{subsection.5.2}% 62
\BOOKMARK [2][-]{subsection.5.3}{\376\377\000P\000h\000\342\000n\000\040\000t\000\355\000c\000h\000\040\001\021\036\313\000n\000h\000\040\000t\000\355\000n\000h\000\040\000v\000\340\000\040\000k\036\277\000t\000\040\000q\000u\036\243\000\040\000t\000h\036\355\000\040\000n\000g\000h\000i\036\307\000m\000\040\000i\000n\000f\000e\000r\000e\000n\000c\000e\000\040\000t\000r\036\361\000c\000\040\000q\000u\000a\000n}{section.5}% 63
\BOOKMARK [2][-]{subsection.5.4}{\376\377\000P\000h\000\342\000n\000\040\000t\000\355\000c\000h\000\040\000c\000h\000i\000\040\000t\000i\036\277\000t\000\040\000l\036\327\000i}{section.5}% 64
\BOOKMARK [1][-]{section.6}{\376\377\000K\036\277\000t\000\040\000l\000u\036\255\000n\000\040\000v\000\340\000\040\000h\001\260\036\333\000n\000g\000\040\000p\000h\000\341\000t\000\040\000t\000r\000i\036\303\000n}{}% 65
\BOOKMARK [2][-]{subsection.6.1}{\376\377\000K\036\277\000t\000\040\000l\000u\036\255\000n}{section.6}% 66
\BOOKMARK [2][-]{subsection.6.2}{\376\377\000H\036\241\000n\000\040\000c\000h\036\277}{section.6}% 67
\BOOKMARK [2][-]{subsection.6.3}{\376\377\000H\001\260\036\333\000n\000g\000\040\000p\000h\000\341\000t\000\040\000t\000r\000i\036\303\000n}{section.6}% 68
\BOOKMARK [1][-]{appendix.A}{\376\377\000P\000h\000\342\000n\000\040\000c\000\364\000n\000g\000\040\000c\000\364\000n\000g\000\040\000v\000i\036\307\000c}{}% 69
\BOOKMARK [1][-]{appendix.B}{\376\377\000M\000\343\000\040\000n\000g\000u\036\323\000n}{}% 70
